No Global M68K Construktors
No Global M68K Destruktors
No Global PPC Destruktors
No Global PPC Destruktors

M68K Code


  Hunk #0 ( Far Public ) 2528 Bytes (0x9e0)
  _Lib_AvoidExecute = 0 (0x0) unused, maybe local
    File Programming:C_Prg/USB/FD/_examples/FDTemplate/objects_debug/lib_lib.o
  _LibInit = 42 (0x2a) referenced 1 times
    File Programming:C_Prg/USB/FD/_examples/FDTemplate/objects_debug/lib_lib.o
  _LibOpen = 276 (0x114) referenced 1 times
    File Programming:C_Prg/USB/FD/_examples/FDTemplate/objects_debug/lib_lib.o
  _LibClose = 300 (0x12c) referenced 1 times
    File Programming:C_Prg/USB/FD/_examples/FDTemplate/objects_debug/lib_lib.o
  _LibExpunge = 348 (0x15c) referenced 1 times
    File Programming:C_Prg/USB/FD/_examples/FDTemplate/objects_debug/lib_lib.o
  _LibReserved = 486 (0x1e6) referenced 1 times
    File Programming:C_Prg/USB/FD/_examples/FDTemplate/objects_debug/lib_lib.o
  __LibNameString = 496 (0x1f0) referenced 2 times
    File Programming:C_Prg/USB/FD/_examples/FDTemplate/objects_debug/lib_data.o
  __LibVersionString = 513 (0x201) referenced 1 times
    File Programming:C_Prg/USB/FD/_examples/FDTemplate/objects_debug/lib_data.o
  __LibVectors = 548 (0x224) unused, maybe local
    File Programming:C_Prg/USB/FD/_examples/FDTemplate/objects_debug/lib_data.o
  __LibAutoInit = 580 (0x244) unused, maybe local
    File Programming:C_Prg/USB/FD/_examples/FDTemplate/objects_debug/lib_data.o
  __LibRomTag = 596 (0x254) unused, maybe local
    File Programming:C_Prg/USB/FD/_examples/FDTemplate/objects_debug/lib_data.o
  _InitC = 624 (0x270) referenced 1 times
    File Programming:C_Prg/USB/FD/_examples/FDTemplate/objects_debug/lib_init.o
  _UnInitC = 634 (0x27a) referenced 2 times
    File Programming:C_Prg/USB/FD/_examples/FDTemplate/objects_debug/lib_init.o
  _USBFDGetAttrsA = 644 (0x284) referenced 1 times
    File Programming:C_Prg/USB/FD/_examples/FDTemplate/objects_debug/lib_api.o
  _USBFDRunFunction = 732 (0x2dc) referenced 1 times
    File Programming:C_Prg/USB/FD/_examples/FDTemplate/objects_debug/lib_api.o
  _USBFDRunInterface = 896 (0x380) referenced 1 times
    File Programming:C_Prg/USB/FD/_examples/FDTemplate/objects_debug/lib_api.o
  _DeviceTypeMatch = 974 (0x3ce) unused, maybe local
    File Programming:C_Prg/USB/FD/_examples/FDTemplate/objects_debug/lib_api.o
  _InterfaceTypeMatch = 984 (0x3d8) unused, maybe local
    File Programming:C_Prg/USB/FD/_examples/FDTemplate/objects_debug/lib_api.o
  _fdmain_function = 1120 (0x460) referenced 1 times
    File Programming:C_Prg/USB/FD/_examples/FDTemplate/objects_debug/driver.o
  _fdmain_interface = 1694 (0x69e) referenced 1 times
    File Programming:C_Prg/USB/FD/_examples/FDTemplate/objects_debug/driver.o
  USBClaimFunction(UsbRawFunction *,void *,MsgPort *) = 2172 (0x87c) unused, maybe local
    File Programming:C_Prg/USB/Include/clib/usbsys.lib
  USBClaimFunction = 2172 (0x87c) unused, maybe local
    File Programming:C_Prg/USB/Include/clib/usbsys.lib
  _USBClaimFunction = 2172 (0x87c) referenced 1 times
    File Programming:C_Prg/USB/Include/clib/usbsys.lib
  USBDeclaimFunction(UsbFunction *) = 2200 (0x898) unused, maybe local
    File Programming:C_Prg/USB/Include/clib/usbsys.lib
  USBDeclaimFunction = 2200 (0x898) unused, maybe local
    File Programming:C_Prg/USB/Include/clib/usbsys.lib
  _USBDeclaimFunction = 2200 (0x898) referenced 2 times
    File Programming:C_Prg/USB/Include/clib/usbsys.lib
  USBGetEndPoint(UsbFunction *,UsbInterface *,long) = 2220 (0x8ac) unused, maybe local
    File Programming:C_Prg/USB/Include/clib/usbsys.lib
  USBGetEndPoint = 2220 (0x8ac) unused, maybe local
    File Programming:C_Prg/USB/Include/clib/usbsys.lib
  _USBGetEndPoint = 2220 (0x8ac) referenced 2 times
    File Programming:C_Prg/USB/Include/clib/usbsys.lib
  USBEPGetDescriptorA(IORequest *,UsbEndPoint *,unsigned long,long,long,TagItem *) = 2248 (0x8c8) unused, maybe local
    File Programming:C_Prg/USB/Include/clib/usbsys.lib
  USBEPGetDescriptorA = 2248 (0x8c8) unused, maybe local
    File Programming:C_Prg/USB/Include/clib/usbsys.lib
  _USBEPGetDescriptorA = 2248 (0x8c8) referenced 2 times
    File Programming:C_Prg/USB/Include/clib/usbsys.lib
  USBFreeDescriptors(USBBusDscHead *) = 2280 (0x8e8) unused, maybe local
    File Programming:C_Prg/USB/Include/clib/usbsys.lib
  USBFreeDescriptors = 2280 (0x8e8) unused, maybe local
    File Programming:C_Prg/USB/Include/clib/usbsys.lib
  _USBFreeDescriptors = 2280 (0x8e8) referenced 4 times
    File Programming:C_Prg/USB/Include/clib/usbsys.lib
  USBClaimInterface(UsbRawInterface *,void *,MsgPort *) = 2300 (0x8fc) unused, maybe local
    File Programming:C_Prg/USB/Include/clib/usbsys.lib
  USBClaimInterface = 2300 (0x8fc) unused, maybe local
    File Programming:C_Prg/USB/Include/clib/usbsys.lib
  _USBClaimInterface = 2300 (0x8fc) referenced 1 times
    File Programming:C_Prg/USB/Include/clib/usbsys.lib
  USBDeclaimInterface(UsbInterface *) = 2328 (0x918) unused, maybe local
    File Programming:C_Prg/USB/Include/clib/usbsys.lib
  USBDeclaimInterface = 2328 (0x918) unused, maybe local
    File Programming:C_Prg/USB/Include/clib/usbsys.lib
  _USBDeclaimInterface = 2328 (0x918) referenced 2 times
    File Programming:C_Prg/USB/Include/clib/usbsys.lib
  USBResRegisterFD(unsigned long ...) = 2348 (0x92c) unused, maybe local
    File Programming:C_Prg/USB/Include/clib/usbresource.lib
  USBResRegisterFD = 2348 (0x92c) unused, maybe local
    File Programming:C_Prg/USB/Include/clib/usbresource.lib
  _USBResRegisterFD = 2348 (0x92c) referenced 1 times
    File Programming:C_Prg/USB/Include/clib/usbresource.lib
  USBResUnregisterFD(void *) = 2368 (0x940) unused, maybe local
    File Programming:C_Prg/USB/Include/clib/usbresource.lib
  USBResUnregisterFD = 2368 (0x940) unused, maybe local
    File Programming:C_Prg/USB/Include/clib/usbresource.lib
  _USBResUnregisterFD = 2368 (0x940) referenced 1 times
    File Programming:C_Prg/USB/Include/clib/usbresource.lib
  _KPutChar = 2388 (0x954) unused, maybe local
    File Programs:C_language/StormC/Lib/debug.lib
  KPutChar = 2392 (0x958) unused, maybe local
    File Programs:C_language/StormC/Lib/debug.lib
  _KPutStr = 2408 (0x968) referenced 4 times
    File Programs:C_language/StormC/Lib/debug.lib
  KPutStr = 2412 (0x96c) unused, maybe local
    File Programs:C_language/StormC/Lib/debug.lib
  KGetChar = 2422 (0x976) unused, maybe local
    File Programs:C_language/StormC/Lib/debug.lib
  KMayGetChar = 2430 (0x97e) unused, maybe local
    File Programs:C_language/StormC/Lib/debug.lib
  _KPutFmt = 2446 (0x98e) unused, maybe local
    File Programs:C_language/StormC/Lib/debug.lib
  _KVPrintF = 2456 (0x998) unused, maybe local
    File Programs:C_language/StormC/Lib/debug.lib
  _KPrintF = 2466 (0x9a2) referenced 4 times
    File Programs:C_language/StormC/Lib/debug.lib
  KPutFmt = 2474 (0x9aa) unused, maybe local
    File Programs:C_language/StormC/Lib/debug.lib
  KDoFmt = 2492 (0x9bc) unused, maybe local
    File Programs:C_language/StormC/Lib/debug.lib
  _AsmKDoFmt = 2492 (0x9bc) unused, maybe local
    File Programs:C_language/StormC/Lib/debug.lib
  _KDoFmt = 2508 (0x9cc) unused, maybe local
    File Programs:C_language/StormC/Lib/debug.lib
  _AsmKPutFmt = 2474 (0x9aa) unused, maybe local
    File Programs:C_language/StormC/Lib/debug.lib
  KPrintF = 2474 (0x9aa) unused, maybe local
    File Programs:C_language/StormC/Lib/debug.lib
  _AsmKVPrintF = 2474 (0x9aa) unused, maybe local
    File Programs:C_language/StormC/Lib/debug.lib
  _kprintf = 2466 (0x9a2) unused, maybe local
    File Programs:C_language/StormC/Lib/debug.lib
  _AsmKMayGetChar = 2430 (0x97e) unused, maybe local
    File Programs:C_language/StormC/Lib/debug.lib
  _KMayGetChar = 2430 (0x97e) unused, maybe local
    File Programs:C_language/StormC/Lib/debug.lib
  _AsmKMayGetCh = 2430 (0x97e) unused, maybe local
    File Programs:C_language/StormC/Lib/debug.lib
  _KMayGetCh = 2430 (0x97e) unused, maybe local
    File Programs:C_language/StormC/Lib/debug.lib
  _AsmKGetChar = 2422 (0x976) unused, maybe local
    File Programs:C_language/StormC/Lib/debug.lib
  _KGetChar = 2422 (0x976) unused, maybe local
    File Programs:C_language/StormC/Lib/debug.lib
  _kgetc = 2422 (0x976) unused, maybe local
    File Programs:C_language/StormC/Lib/debug.lib
  _KGetCh = 2422 (0x976) unused, maybe local
    File Programs:C_language/StormC/Lib/debug.lib
  _kgetch = 2422 (0x976) unused, maybe local
    File Programs:C_language/StormC/Lib/debug.lib
  _kgetchar = 2422 (0x976) unused, maybe local
    File Programs:C_language/StormC/Lib/debug.lib
  _AsmKPutStr = 2412 (0x96c) unused, maybe local
    File Programs:C_language/StormC/Lib/debug.lib
  _kputs = 2408 (0x968) unused, maybe local
    File Programs:C_language/StormC/Lib/debug.lib
  _KPutS = 2408 (0x968) unused, maybe local
    File Programs:C_language/StormC/Lib/debug.lib
  _kputstr = 2408 (0x968) unused, maybe local
    File Programs:C_language/StormC/Lib/debug.lib
  _AsmKPutChar = 2392 (0x958) unused, maybe local
    File Programs:C_language/StormC/Lib/debug.lib
  _kputc = 2388 (0x954) unused, maybe local
    File Programs:C_language/StormC/Lib/debug.lib
  _KPutCh = 2388 (0x954) unused, maybe local
    File Programs:C_language/StormC/Lib/debug.lib
  _kputch = 2388 (0x954) unused, maybe local
    File Programs:C_language/StormC/Lib/debug.lib
  _kputchar = 2388 (0x954) unused, maybe local
    File Programs:C_language/StormC/Lib/debug.lib

PowerPC Code


Data


BSS


  Hunk #1 ( Far Public ) 20 Bytes (0x14)
  _SysBase = 0 (0x0) referenced 20 times
    File Programming:C_Prg/USB/FD/_examples/FDTemplate/objects_debug/lib_lib.o
  _fdkey = 4 (0x4) referenced 3 times
    File Programming:C_Prg/USB/FD/_examples/FDTemplate/objects_debug/lib_lib.o
  _seglist = 8 (0x8) referenced 2 times
    File Programming:C_Prg/USB/FD/_examples/FDTemplate/objects_debug/lib_lib.o
  _USBResourceBase = 12 (0xc) referenced 6 times
    File Programming:C_Prg/USB/FD/_examples/FDTemplate/objects_debug/lib_lib.o
  _USBSysBase = 16 (0x10) referenced 9 times
    File Programming:C_Prg/USB/FD/_examples/FDTemplate/objects_debug/driver.o

END
